
> Task :compileJava
/workspaces/SkyWild-Client/src/main/java/net/minecraft/client/renderer/chunk/RenderChunk.java:279: warning: non-varargs call of varargs method with inexact argument type for last parameter;
                        Reflector.callVoid(Reflector.ForgeHooksClient_setRenderLayer, null);
                                                                                      ^
  cast to Object for a varargs call
  cast to Object[] for a non-varargs call and to suppress this warning
/workspaces/SkyWild-Client/src/main/java/net/skywild/module/modules/movement/Eagle.java:14: error: pressed has private access in KeyBinding
        mc.gameSettings.keyBindSneak.pressed = edgeOnly.isEnabled() ? (overVoid && mc.player.onGround) : mc.player.onGround;
                                    ^
Note: Some input files use or override a deprecated API.
Note: Recompile with -Xlint:deprecation for details.
Note: Some input files use unchecked or unsafe operations.
Note: Recompile with -Xlint:unchecked for details.
1 error
1 warning

> Task :compileJava FAILED

FAILURE: Build failed with an exception.

* What went wrong:
Execution failed for task ':compileJava'.
> Compilation failed; see the compiler error output for details.

* Try:
> Run with --stacktrace option to get the stack trace.
> Run with --info or --debug option to get more log output.
> Run with --scan to get full insights.

* Get more help at https://help.gradle.org

BUILD FAILED in 17s
1 actionable task: 1 executed
